// Jest Snapshot v1, https://goo.gl/fbAQLP

exports[`FriendsActivityList should match snapshot 1`] = `
<div>
  <p>
    No friends activity yet
  </p>
</div>
`;
