// Jest Snapshot v1, https://goo.gl/fbAQLP

exports[`TextMessage component should match snapshot 1`] = `
<div>
  <p
    class="text-message"
  >
    Hello, World!
  </p>
</div>
`;
