// Jest Snapshot v1, https://goo.gl/fbAQLP

exports[`ListItem should match snapshot 1`] = `
<div>
  <li>
    Some content
  </li>
</div>
`;
