// Jest Snapshot v1, https://goo.gl/fbAQLP

exports[`ErrorBox component should match snapshot 1`] = `
<div>
  <div
    class="error"
  >
    Error message
  </div>
</div>
`;
