// Jest Snapshot v1, https://goo.gl/fbAQLP

exports[`Button component should match snapshot 1`] = `
<div>
  <button
    class="btn btn-lg btn-main"
  >
    Get Started
  </button>
</div>
`;
