// Jest Snapshot v1, https://goo.gl/fbAQLP

exports[`HamburgerMenu component should match snapshot 1`] = `
<div>
  <nav
    class="navigation"
  >
    <span />
    <span />
    <span />
  </nav>
</div>
`;
