// Jest Snapshot v1, https://goo.gl/fbAQLP

exports[`CartList component should match snapshot 1`] = `
<div>
  <div>
    <ul
      class="list vertical"
    >
      <li
        class="list-item"
      >
        <a
          href="/search-results?category=vegetarian"
        >
          <article
            class="cart"
          >
            <div
              class="icon"
              data-testid="icon"
            >
              <svg
                fill="currentColor"
                height="1em"
                stroke="currentColor"
                stroke-width="0"
                viewBox="0 0 576 512"
                width="1em"
                xmlns="http://www.w3.org/2000/svg"
              >
                <path
                  d="M546.2 9.7c-5.6-12.5-21.6-13-28.3-1.2C486.9 62.4 431.4 96 368 96h-80C182 96 96 182 96 288c0 7 .8 13.7 1.5 20.5C161.3 262.8 253.4 224 384 224c8.8 0 16 7.2 16 16s-7.2 16-16 16C132.6 256 26 410.1 2.4 468c-6.6 16.3 1.2 34.9 17.5 41.6 16.4 6.8 35-1.1 41.8-17.3 1.5-3.6 20.9-47.9 71.9-90.6 32.4 43.9 94 85.8 174.9 77.2C465.5 467.5 576 326.7 576 154.3c0-50.2-10.8-102.2-29.8-144.6z"
                />
              </svg>
            </div>
            <h3
              class="title"
            >
              Vegetarian
            </h3>
          </article>
        </a>
      </li>
      <li
        class="list-item"
      >
        <a
          href="/search-results?category=vegan"
        >
          <article
            class="cart"
          >
            <div
              class="icon"
              data-testid="icon"
            >
              <svg
                fill="currentColor"
                height="1em"
                stroke="currentColor"
                stroke-width="0"
                viewBox="0 0 512 512"
                width="1em"
                xmlns="http://www.w3.org/2000/svg"
              >
                <path
                  d="M64 96H0c0 123.7 100.3 224 224 224v144c0 8.8 7.2 16 16 16h32c8.8 0 16-7.2 16-16V320C288 196.3 187.7 96 64 96zm384-64c-84.2 0-157.4 46.5-195.7 115.2 27.7 30.2 48.2 66.9 59 107.6C424 243.1 512 147.9 512 32h-64z"
                />
              </svg>
            </div>
            <h3
              class="title"
            >
              Vegan
            </h3>
          </article>
        </a>
      </li>
    </ul>
  </div>
</div>
`;
