// Jest Snapshot v1, https://goo.gl/fbAQLP

exports[`ImageMessage component should match snapshot 1`] = `
<div>
  <div
    class="image-container"
  >
    <img
      alt="Example Image"
      src="example.jpg"
    />
  </div>
</div>
`;
