// Jest Snapshot v1, https://goo.gl/fbAQLP

exports[`MessageGroup component should match snapshot 1`] = `
<div>
  <div
    class="message-group"
  />
</div>
`;
